{
  "version": "1.5.0",
  "plugins_used": [
    {
      "name": "ArtifactoryDetector"
    },
    {
      "name": "AWSKeyDetector"
    },
    {
      "name": "AzureStorageKeyDetector"
    },
    {
      "name": "Base64HighEntropyString",
      "limit": 4.5
    },
    {
      "name": "BasicAuthDetector"
    },
    {
      "name": "CloudantDetector"
    },
    {
      "name": "DiscordBotTokenDetector"
    },
    {
      "name": "GitHubTokenDetector"
    },
    {
      "name": "GitLabTokenDetector"
    },
    {
      "name": "HexHighEntropyString",
      "limit": 3.0
    },
    {
      "name": "IbmCloudIamDetector"
    },
    {
      "name": "IbmCosHmacDetector"
    },
    {
      "name": "IPPublicDetector"
    },
    {
      "name": "JwtTokenDetector"
    },
    {
      "name": "KeywordDetector",
      "keyword_exclude": ""
    },
    {
      "name": "MailchimpDetector"
    },
    {
      "name": "NpmDetector"
    },
    {
      "name": "OpenAIDetector"
    },
    {
      "name": "PrivateKeyDetector"
    },
    {
      "name": "PypiTokenDetector"
    },
    {
      "name": "SendGridDetector"
    },
    {
      "name": "SlackDetector"
    },
    {
      "name": "SoftlayerDetector"
    },
    {
      "name": "SquareOAuthDetector"
    },
    {
      "name": "StripeDetector"
    },
    {
      "name": "TelegramBotTokenDetector"
    },
    {
      "name": "TwilioKeyDetector"
    }
  ],
  "filters_used": [
    {
      "path": "detect_secrets.filters.allowlist.is_line_allowlisted"
    },
    {
      "path": "detect_secrets.filters.common.is_baseline_file",
      "filename": ".secrets.baseline"
    },
    {
      "path": "detect_secrets.filters.common.is_ignored_due_to_verification_policies",
      "min_level": 2
    },
    {
      "path": "detect_secrets.filters.heuristic.is_indirect_reference"
    },
    {
      "path": "detect_secrets.filters.heuristic.is_likely_id_string"
    },
    {
      "path": "detect_secrets.filters.heuristic.is_lock_file"
    },
    {
      "path": "detect_secrets.filters.heuristic.is_not_alphanumeric_string"
    },
    {
      "path": "detect_secrets.filters.heuristic.is_potential_uuid"
    },
    {
      "path": "detect_secrets.filters.heuristic.is_prefixed_with_dollar_sign"
    },
    {
      "path": "detect_secrets.filters.heuristic.is_sequential_string"
    },
    {
      "path": "detect_secrets.filters.heuristic.is_swagger_file"
    },
    {
      "path": "detect_secrets.filters.heuristic.is_templated_secret"
    }
  ],
  "results": {
    "configs/jackett/config/Jackett/ServerConfig.json": [
      {
        "type": "Secret Keyword",
        "filename": "configs/jackett/config/Jackett/ServerConfig.json",
        "hashed_secret": "bbfca5e123c7cfb594a472dad55f2af97d6f4a04",
        "is_verified": false,
        "line_number": 6
      },
      {
        "type": "Hex High Entropy String",
        "filename": "configs/jackett/config/Jackett/ServerConfig.json",
        "hashed_secret": "be596a9d4b4022bf004e19a322579eae15186f35",
        "is_verified": false,
        "line_number": 7
      },
      {
        "type": "Secret Keyword",
        "filename": "configs/jackett/config/Jackett/ServerConfig.json",
        "hashed_secret": "be596a9d4b4022bf004e19a322579eae15186f35",
        "is_verified": false,
        "line_number": 7
      },
      {
        "type": "Secret Keyword",
        "filename": "configs/jackett/config/Jackett/ServerConfig.json",
        "hashed_secret": "614e2a9797bc7f9eae805a252446228a10d8955d",
        "is_verified": false,
        "line_number": 19
      }
    ],
    "configs/lazylibrarian/config/config.ini": [
      {
        "type": "Hex High Entropy String",
        "filename": "configs/lazylibrarian/config/config.ini",
        "hashed_secret": "b1d117758bbcfe466a12d9677de090e2366014c8",
        "is_verified": false,
        "line_number": 15
      },
      {
        "type": "Secret Keyword",
        "filename": "configs/lazylibrarian/config/config.ini",
        "hashed_secret": "b1d117758bbcfe466a12d9677de090e2366014c8",
        "is_verified": false,
        "line_number": 15
      },
      {
        "type": "Hex High Entropy String",
        "filename": "configs/lazylibrarian/config/config.ini",
        "hashed_secret": "23d5824cbcf037c081ef4e7646d53fe271facfcd",
        "is_verified": false,
        "line_number": 121
      }
    ],
    "configs/mylar/config/mylar/config.ini": [
      {
        "type": "Secret Keyword",
        "filename": "configs/mylar/config/mylar/config.ini",
        "hashed_secret": "97cdbdc7feff827efb082a6b6dd2727237cd49fd",
        "is_verified": false,
        "line_number": 61
      },
      {
        "type": "Secret Keyword",
        "filename": "configs/mylar/config/mylar/config.ini",
        "hashed_secret": "1c7c1eebcd96285956627a1d10006a6756d9c2b4",
        "is_verified": false,
        "line_number": 127
      },
      {
        "type": "Hex High Entropy String",
        "filename": "configs/mylar/config/mylar/config.ini",
        "hashed_secret": "f0c5d79141c6dcce32d64b9a39cb9b284234710c",
        "is_verified": false,
        "line_number": 142
      },
      {
        "type": "Secret Keyword",
        "filename": "configs/mylar/config/mylar/config.ini",
        "hashed_secret": "f0c5d79141c6dcce32d64b9a39cb9b284234710c",
        "is_verified": false,
        "line_number": 142
      },
      {
        "type": "Hex High Entropy String",
        "filename": "configs/mylar/config/mylar/config.ini",
        "hashed_secret": "c31a3df2195cb81832581142d3956afa5b8523f0",
        "is_verified": false,
        "line_number": 146
      },
      {
        "type": "Secret Keyword",
        "filename": "configs/mylar/config/mylar/config.ini",
        "hashed_secret": "6eef6648406c333a4035cd5e60d0bf2ecf2606d7",
        "is_verified": false,
        "line_number": 200
      },
      {
        "type": "Secret Keyword",
        "filename": "configs/mylar/config/mylar/config.ini",
        "hashed_secret": "31a7b1d936c4e8503bb446e5ff8ada669d1846bd",
        "is_verified": false,
        "line_number": 285
      },
      {
        "type": "Secret Keyword",
        "filename": "configs/mylar/config/mylar/config.ini",
        "hashed_secret": "3ebd4dd8afe6308e392ccf09e3516eee99a1e8df",
        "is_verified": false,
        "line_number": 439
      }
    ],
    "configs/nzbget/config/nzbget.conf": [
      {
        "type": "Secret Keyword",
        "filename": "configs/nzbget/config/nzbget.conf",
        "hashed_secret": "9d4e1e23bd5b727046a9e3b4b7db57bd8d6ee684",
        "is_verified": false,
        "line_number": 209
      },
      {
        "type": "Secret Keyword",
        "filename": "configs/nzbget/config/nzbget.conf",
        "hashed_secret": "e727d1464ae12436e899a726da5b2f11d8381b26",
        "is_verified": false,
        "line_number": 261
      },
      {
        "type": "Secret Keyword",
        "filename": "configs/nzbget/config/nzbget.conf",
        "hashed_secret": "34a91f713808846ade4a71577dc7963631ebae14",
        "is_verified": false,
        "line_number": 271
      },
      {
        "type": "Secret Keyword",
        "filename": "configs/nzbget/config/nzbget.conf",
        "hashed_secret": "31a7b1d936c4e8503bb446e5ff8ada669d1846bd",
        "is_verified": false,
        "line_number": 319
      },
      {
        "type": "Secret Keyword",
        "filename": "configs/nzbget/config/nzbget.conf",
        "hashed_secret": "b6a384cdca8c9867247a7ec06061bc5b0476a7f8",
        "is_verified": false,
        "line_number": 525
      }
    ],
    "configs/nzbhydra2/config/nzbhydra.yml": [
      {
        "type": "Secret Keyword",
        "filename": "configs/nzbhydra2/config/nzbhydra.yml",
        "hashed_secret": "31a7b1d936c4e8503bb446e5ff8ada669d1846bd",
        "is_verified": false,
        "line_number": 313
      },
      {
        "type": "Secret Keyword",
        "filename": "configs/nzbhydra2/config/nzbhydra.yml",
        "hashed_secret": "bbfca5e123c7cfb594a472dad55f2af97d6f4a04",
        "is_verified": false,
        "line_number": 326
      },
      {
        "type": "Base64 High Entropy String",
        "filename": "configs/nzbhydra2/config/nzbhydra.yml",
        "hashed_secret": "1f777e1b081e6a2381e08071f441bea6f49bf935",
        "is_verified": false,
        "line_number": 747
      },
      {
        "type": "Secret Keyword",
        "filename": "configs/nzbhydra2/config/nzbhydra.yml",
        "hashed_secret": "1f777e1b081e6a2381e08071f441bea6f49bf935",
        "is_verified": false,
        "line_number": 747
      },
      {
        "type": "Hex High Entropy String",
        "filename": "configs/nzbhydra2/config/nzbhydra.yml",
        "hashed_secret": "f4e829efe2703752caf3528606ad23ae6269c99d",
        "is_verified": false,
        "line_number": 864
      },
      {
        "type": "Secret Keyword",
        "filename": "configs/nzbhydra2/config/nzbhydra.yml",
        "hashed_secret": "f4e829efe2703752caf3528606ad23ae6269c99d",
        "is_verified": false,
        "line_number": 864
      },
      {
        "type": "Secret Keyword",
        "filename": "configs/nzbhydra2/config/nzbhydra.yml",
        "hashed_secret": "599afb8a37d9c30e53f96fb60b05f2a176aada57",
        "is_verified": false,
        "line_number": 2000
      },
      {
        "type": "Secret Keyword",
        "filename": "configs/nzbhydra2/config/nzbhydra.yml",
        "hashed_secret": "cd02982bb071dd6e991779a9c238b5744b870989",
        "is_verified": false,
        "line_number": 2019
      }
    ],
    "configs/plex/.env": [
      {
        "type": "Secret Keyword",
        "filename": "configs/plex/.env",
        "hashed_secret": "aebda823a279b219476c565be863d83739999502",
        "is_verified": false,
        "line_number": 1
      }
    ],
    "scripts/rotate-passwords-new.sh": [
      {
        "type": "Secret Keyword",
        "filename": "scripts/rotate-passwords-new.sh",
        "hashed_secret": "c015fff30a3dc43f5987079c0142437e3e757fd0",
        "is_verified": false,
        "line_number": 104
      }
    ]
  },
  "generated_at": "2026-04-23T15:29:42Z"
}
