{
  "version": "1.5.0",
  "plugins_used": [
    {
      "name": "ArtifactoryDetector"
    },
    {
      "name": "AWSKeyDetector"
    },
    {
      "name": "AzureStorageKeyDetector"
    },
    {
      "name": "Base64HighEntropyString",
      "limit": 4.5
    },
    {
      "name": "BasicAuthDetector"
    },
    {
      "name": "CloudantDetector"
    },
    {
      "name": "DiscordBotTokenDetector"
    },
    {
      "name": "GitHubTokenDetector"
    },
    {
      "name": "GitLabTokenDetector"
    },
    {
      "name": "HexHighEntropyString",
      "limit": 3.0
    },
    {
      "name": "IbmCloudIamDetector"
    },
    {
      "name": "IbmCosHmacDetector"
    },
    {
      "name": "IPPublicDetector"
    },
    {
      "name": "JwtTokenDetector"
    },
    {
      "name": "KeywordDetector",
      "keyword_exclude": ""
    },
    {
      "name": "MailchimpDetector"
    },
    {
      "name": "NpmDetector"
    },
    {
      "name": "OpenAIDetector"
    },
    {
      "name": "PrivateKeyDetector"
    },
    {
      "name": "PypiTokenDetector"
    },
    {
      "name": "SendGridDetector"
    },
    {
      "name": "SlackDetector"
    },
    {
      "name": "SoftlayerDetector"
    },
    {
      "name": "SquareOAuthDetector"
    },
    {
      "name": "StripeDetector"
    },
    {
      "name": "TelegramBotTokenDetector"
    },
    {
      "name": "TwilioKeyDetector"
    }
  ],
  "filters_used": [
    {
      "path": "detect_secrets.filters.allowlist.is_line_allowlisted"
    },
    {
      "path": "detect_secrets.filters.common.is_baseline_file",
      "filename": ".secrets.baseline"
    },
    {
      "path": "detect_secrets.filters.common.is_ignored_due_to_verification_policies",
      "min_level": 2
    },
    {
      "path": "detect_secrets.filters.heuristic.is_indirect_reference"
    },
    {
      "path": "detect_secrets.filters.heuristic.is_likely_id_string"
    },
    {
      "path": "detect_secrets.filters.heuristic.is_lock_file"
    },
    {
      "path": "detect_secrets.filters.heuristic.is_not_alphanumeric_string"
    },
    {
      "path": "detect_secrets.filters.heuristic.is_potential_uuid"
    },
    {
      "path": "detect_secrets.filters.heuristic.is_prefixed_with_dollar_sign"
    },
    {
      "path": "detect_secrets.filters.heuristic.is_sequential_string"
    },
    {
      "path": "detect_secrets.filters.heuristic.is_swagger_file"
    },
    {
      "path": "detect_secrets.filters.heuristic.is_templated_secret"
    }
  ],
  "results": {
    "configs/lazylibrarian/config/config.ini.example": [
      {
        "type": "Hex High Entropy String",
        "filename": "configs/lazylibrarian/config/config.ini.example",
        "hashed_secret": "8908b8bff20bffdc138407d340c4ebb2ed53899c",
        "is_verified": false,
        "line_number": 58
      },
      {
        "type": "Secret Keyword",
        "filename": "configs/lazylibrarian/config/config.ini.example",
        "hashed_secret": "fa9beb99e4029ad5a6615399e7bbae21356086b3",
        "is_verified": false,
        "line_number": 128
      }
    ],
    "configs/mylar/config/mylar/config.ini.example": [
      {
        "type": "Secret Keyword",
        "filename": "configs/mylar/config/mylar/config.ini.example",
        "hashed_secret": "97cdbdc7feff827efb082a6b6dd2727237cd49fd",
        "is_verified": false,
        "line_number": 61
      },
      {
        "type": "Secret Keyword",
        "filename": "configs/mylar/config/mylar/config.ini.example",
        "hashed_secret": "fa9beb99e4029ad5a6615399e7bbae21356086b3",
        "is_verified": false,
        "line_number": 130
      },
      {
        "type": "Secret Keyword",
        "filename": "configs/mylar/config/mylar/config.ini.example",
        "hashed_secret": "6eef6648406c333a4035cd5e60d0bf2ecf2606d7",
        "is_verified": false,
        "line_number": 205
      }
    ],
    "configs/nzbget/config/nzbget.conf": [
      {
        "type": "Secret Keyword",
        "filename": "configs/nzbget/config/nzbget.conf",
        "hashed_secret": "9d4e1e23bd5b727046a9e3b4b7db57bd8d6ee684",
        "is_verified": false,
        "line_number": 209
      },
      {
        "type": "Secret Keyword",
        "filename": "configs/nzbget/config/nzbget.conf",
        "hashed_secret": "e727d1464ae12436e899a726da5b2f11d8381b26",
        "is_verified": false,
        "line_number": 261
      },
      {
        "type": "Secret Keyword",
        "filename": "configs/nzbget/config/nzbget.conf",
        "hashed_secret": "34a91f713808846ade4a71577dc7963631ebae14",
        "is_verified": false,
        "line_number": 271
      },
      {
        "type": "Secret Keyword",
        "filename": "configs/nzbget/config/nzbget.conf",
        "hashed_secret": "31a7b1d936c4e8503bb446e5ff8ada669d1846bd",
        "is_verified": false,
        "line_number": 319
      },
      {
        "type": "Secret Keyword",
        "filename": "configs/nzbget/config/nzbget.conf",
        "hashed_secret": "b6a384cdca8c9867247a7ec06061bc5b0476a7f8",
        "is_verified": false,
        "line_number": 525
      }
    ],
    "configs/nzbhydra2/config/nzbhydra.yml.example": [
      {
        "type": "Secret Keyword",
        "filename": "configs/nzbhydra2/config/nzbhydra.yml.example",
        "hashed_secret": "fa9beb99e4029ad5a6615399e7bbae21356086b3",
        "is_verified": false,
        "line_number": 20
      }
    ],
    "configs/plex/.env": [
      {
        "type": "Secret Keyword",
        "filename": "configs/plex/.env",
        "hashed_secret": "aebda823a279b219476c565be863d83739999502",
        "is_verified": false,
        "line_number": 1
      }
    ],
    "patches/mylar/lib/qbittorrent/client.py": [
      {
        "type": "Secret Keyword",
        "filename": "patches/mylar/lib/qbittorrent/client.py",
        "hashed_secret": "d033e22ae348aeb5660fc2140aec35850c4da997",
        "is_verified": false,
        "line_number": 93
      }
    ],
    "patches/mylar/mylar/webserve.py": [
      {
        "type": "Secret Keyword",
        "filename": "patches/mylar/mylar/webserve.py",
        "hashed_secret": "6eef6648406c333a4035cd5e60d0bf2ecf2606d7",
        "is_verified": false,
        "line_number": 7691
      }
    ]
  },
  "generated_at": "2026-07-30T01:00:38Z"
}
